
> horizon-ui-tailwind-react@2.0.0 build
> react-scripts build

Creating an optimized production build...
npm : Browserslist: browsers data (caniuse-lite) is 17 months old. Please run:
At line:1 char:66
+ ... \repos\AssetsManagementUI"; npm run build *> build-output.log; if ($L ...
+                                 ~~~~~~~~~~~~~~~~~~~~~~~~~~~~~~~~~
    + CategoryInfo          : NotSpecified: (Browserslist: b...ld. Please run: 
   :String) [], RemoteException
    + FullyQualifiedErrorId : NativeCommandError
 
  npx update-browserslist-db@latest
  Why you should do it regularly: 
https://github.com/browserslist/update-db#readme
[0;33mOne of your dependencies, babel-preset-react-app, is importing the
"@babel/plugin-proposal-private-property-in-object" package without
declaring it in its dependencies. This is currently working because
"@babel/plugin-proposal-private-property-in-object" is already in your
node_modules folder for unrelated reasons, but it [1mmay break at any 
time[0;33m.

babel-preset-react-app is part of the create-react-app project, [1mwhich
is not maintianed anymore[0;33m. It is thus unlikely that this bug will
ever be fixed. Add "@babel/plugin-proposal-private-property-in-object" to
your devDependencies to work around this error. This will make this message
go away.[0m
  
Browserslist: browsers data (caniuse-lite) is 17 months old. Please run:
  npx update-browserslist-db@latest
  Why you should do it regularly: 
https://github.com/browserslist/update-db#readme
Failed to compile.

[eslint] 
src\hooks\useNotifications.js
Syntax error: Identifier 'items' has already been declared. (37:14) (37:14)


